../Core/Src/quadspi.c:30:6:MX_QUADSPI_Init	8	static
../Core/Src/quadspi.c:59:6:HAL_QSPI_MspInit	248	static
../Core/Src/quadspi.c:119:6:HAL_QSPI_MspDeInit	16	static
../Core/Src/quadspi.c:151:16:OWN_QSPI_WriteEnable	64	static
../Core/Src/quadspi.c:173:16:OWN_QSPI_AutoPollingMemReady	88	static
../Core/Src/quadspi.c:201:16:OWN_QSPI_Configuration	72	static
../Core/Src/quadspi.c:247:16:OWN_QSPI_ResetChip	72	static,ignoring_inline_asm
../Core/Src/quadspi.c:285:9:OWN_QSPI_Read_ID	80	static
../Core/Src/quadspi.c:315:9:OWN_QSPI_Init	16	static
../Core/Src/quadspi.c:346:9:OWN_QSPI_EraseSector	72	static
../Core/Src/quadspi.c:383:9:OWN_QSPI_Tester	208	static
../Core/Src/quadspi.c:511:9:OWN_QSPI_WriteMemory	96	static
../Core/Src/quadspi.c:585:9:OWN_QSPI_EnableMemoryMappedMode	72	static
../Core/Src/quadspi.c:610:9:OWN_QSPI_ReadStatus	80	static
